// Jest Snapshot v1, https://goo.gl/fbAQLP

exports[`Testing H1 component matches H1 snapshot 1`] = `ShallowWrapper {}`;
