// Jest Snapshot v1, https://goo.gl/fbAQLP

exports[`Testing H2 component matches H2 snapshot 1`] = `ShallowWrapper {}`;
