// Jest Snapshot v1, https://goo.gl/fbAQLP

exports[`Testing H4 component matches H4 snapshot 1`] = `ShallowWrapper {}`;
