// Jest Snapshot v1, https://goo.gl/fbAQLP

exports[`Testing ProjectIntro component matches ProjectIntro snapshot 1`] = `ShallowWrapper {}`;
